package main

import "fmt"

func zeroval(ival int) {
	ival = 0
}

func zeroptr(iptr *int) {
	newVar := iptr
	*newVar = 0 // <<<<< extractLocal,10,3,10,6,newVar,pass
}

func main() {
	i := 1
	fmt.Println("initial:", i)

	zeroval(i)
	fmt.Println("zeroval:", i)

	zeroptr(&i)
	fmt.Println("zeroptr:", i)

	fmt.Println("pointer:", &i)
}
