package main

import "fmt"

func main() {
	a := 1
	b := 2
	c := 3
	if a < c {
		fmt.Println("")
	}
	newVar := a * b
	if newVar < c { // <<<<< extractLocal,12,4,12,7,newVar,pass
		fmt.Println("")
	}
}
