package main // <<<<< stubInterface,1,1,1,1,Queue,MyQueueStruct,pass

import "fmt"

func main() {
	fmt.Println("works")
}

type Queue interface {
	Enqueue(x int)
	Dequeue() int
	ThreeQueue(x int) int
}

type MyQueueStruct struct {
}

func (s *MyQueueStruct) ThreeQueue(x int) int {
	return 0
}

func (s *MyQueueStruct) Enqueue(x int) {

}

func (s *MyQueueStruct) Dequeue() int {
	return 0
}
