package main

import "fmt"

func main() {
	x := 5
	newVar := x
	if newVar < 10 { // <<<<< extractLocal,7,5,7,6,newVar,pass
		fmt.Println("divisible by 5:")
	}
}
