package main // <<<<< stubInterface,1,1,1,1,Queue,MyQueueStruct,pass

import "fmt"

func main() {
	fmt.Println("works")
}

type Queue interface {
	Enqueue(x int)
	Dequeue() int
	ThreeQueue(x int) (int, int)
	XQueue() (int, int)
}

type MyQueueStruct struct {
}

func (s *MyQueueStruct) XQueue() (int, int) {
	return 0, 0
}

func (s *MyQueueStruct) ThreeQueue(x int) (int, int) {
	return 0, 0
}

func (s *MyQueueStruct) Enqueue(x int) {

}

func (s *MyQueueStruct) Dequeue() int {
	return 0
}
