// <<<<< extract,9,2,11,2,foo,pass

package main

import "fmt"

func main() {
	i := 2
	foo(i)
	fmt.Println("end of main function")
}
func foo(i int) {
	if i%2 == 0 {
		fmt.Println("i is even")
	}
}
