package main

import "fmt"

func main() {
	a := 1
	b := -2
	n := a + b
	newVar := n < a
	if newVar { // <<<<< extractLocal,9,4,9,9,newVar,pass
		a = 5
		fmt.Println(a)
	}
	fmt.Println(a)
	a = 10
	fmt.Println(a)
}
