package main

import "fmt"

func main() {
	x := 5
	if x < 10 { // <<<<< extractLocal,7,5,7,12,newVar,pass
		fmt.Println("divisible by 5:")
	}
}
