package main

import (
	"fmt"
	"strings"
)

func main() {
	inputString := "bob" + ""
	hasSuffix := false
	// <<<<<extract,12,2,14,2,check,pass
	hasSuffix = check(inputString)

	fmt.Print("string:", inputString)
	if hasSuffix {
		fmt.Println(" has Suffix")
	} else {
		fmt.Println(" is missing Suffix")
	}
}

func check(inputString string) bool {
	hasSuffix := false
	if strings.Contains(inputString, "Suffix") {
		hasSuffix = true
	}
	return hasSuffix
}
