package main

import (
	"fmt"
	"math"
)

func main() {
	slicer := make([]int, 10)
	for x := 2; x < len(slicer); x++ { // <<<<< extractLocal,10,22,10,28,newVar,fail
		x++
	}
	if math.Mod(10, 5) == 0 {
		fmt.Println("divisible by 5:")
	}
}
