package main

import "fmt"

func main() {
	newVar := "Hello, 世界"
	fmt.Println(newVar) // <<<<< extractLocal,6,14,6,28,newVar,pass
}
