package main // <<<<< godoc,1,1,1,1,pass

// TODO: NEEDS COMMENT INFO
type (
	a int
	B int
	c int
	D int
	E struct{}
)

func main() {
}
